src/components/dashboard/bookings/booking-sheet.tsx(82,33): error TS2551: Property 'MANUAL' does not exist on type '{ readonly manual: { readonly label: "Manual"; }; readonly online: { readonly label: "Online"; }; readonly phone: { readonly label: "Teléfono"; }; readonly fixed: { readonly label: "Turno fijo"; }; }'. Did you mean 'manual'?
src/components/dashboard/bookings/booking-sheet.tsx(84,9): error TS2353: Object literal may only specify known properties, and 'price' does not exist in type '{ courtId: string; customerName: string; customerPhone: string; bookingDate: string; startTime: string; endTime: string; depositPaid: boolean; source: "manual" | "online" | "phone"; notes?: string | undefined; }'.
src/components/dashboard/grid/desktop-grid.tsx(20,21): error TS2532: Object is possibly 'undefined'.
src/components/dashboard/grid/desktop-grid.tsx(60,24): error TS2322: Type 'GridSlotData | undefined' is not assignable to type 'GridSlotData'.
  Type 'undefined' is not assignable to type 'GridSlotData'.
src/components/dashboard/grid/desktop-grid.tsx(63,32): error TS18048: 'slotData' is possibly 'undefined'.
src/components/dashboard/grid/mobile-grid.tsx(60,12): error TS18048: 'activeCourt' is possibly 'undefined'.
src/components/dashboard/grid/mobile-grid.tsx(74,36): error TS2345: Argument of type 'GridCourtData | undefined' is not assignable to parameter of type 'GridCourtData'.
  Type 'undefined' is not assignable to type 'GridCourtData'.
src/lib/services/booking-service.ts(102,11): error TS2322: Type '{ complexId: string; bookingId: string; type: string; amount: number; paymentMethod: string; description: string; }' is not assignable to type '(Without<PaymentCreateInput, PaymentUncheckedCreateInput> & PaymentUncheckedCreateInput) | (Without<...> & PaymentCreateInput)'.
  Type '{ complexId: string; bookingId: string; type: string; amount: number; paymentMethod: string; description: string; }' is not assignable to type 'Without<PaymentCreateInput, PaymentUncheckedCreateInput> & PaymentUncheckedCreateInput'.
    Type '{ complexId: string; bookingId: string; type: string; amount: number; paymentMethod: string; description: string; }' is missing the following properties from type 'PaymentUncheckedCreateInput': paymentDate, paymentTime
src/lib/services/booking-service.ts(127,11): error TS2353: Object literal may only specify known properties, and 'description' does not exist in type '(Without<ActivityLogCreateInput, ActivityLogUncheckedCreateInput> & ActivityLogUncheckedCreateInput) | (Without<...> & ActivityLogCreateInput)'.
src/lib/services/booking-service.ts(183,9): error TS2353: Object literal may only specify known properties, and 'description' does not exist in type '(Without<ActivityLogCreateInput, ActivityLogUncheckedCreateInput> & ActivityLogUncheckedCreateInput) | (Without<...> & ActivityLogCreateInput)'.
